  CSweet.Domain -> C:\Users\PC\Documents\GitHub\csweet\src\CSweet.Domain\bin\ApprovalRedesign\net10.0\CSweet.Domain.dll
  CSweet.Compute.Contracts -> C:\Users\PC\Documents\GitHub\csweet\src\CSweet.Compute.Contracts\bin\ApprovalRedesign\net10.0\CSweet.Compute.Contracts.dll
  CSweet.Communications.Abstractions -> C:\Users\PC\Documents\GitHub\csweet\src\CSweet.Communications.Abstractions\bin\ApprovalRedesign\net10.0\CSweet.Communications.Abstractions.dll
  CSweet.WorkManagement.Contracts -> C:\Users\PC\Documents\GitHub\CSweet.WorkManagement.Contracts\src\CSweet.WorkManagement.Contracts\bin\ApprovalRedesign\net8.0\CSweet.WorkManagement.Contracts.dll
  CSweet.Contracts -> C:\Users\PC\Documents\GitHub\csweet\src\CSweet.Contracts\bin\ApprovalRedesign\net10.0\CSweet.Contracts.dll
  CSweet.Agent.SDK -> C:\Users\PC\Documents\GitHub\CSweet.Agent.Sdk\src\CSweet.Agent.SDK\bin\ApprovalRedesign\net10.0\CSweet.Agent.SDK.dll
C:\Users\PC\Documents\GitHub\CSweet.Office.Contracts\src\CSweet.Office.Contracts\CSweet.Office.Contracts.csproj : warning NU1902: Package 'Microsoft.Build.Tasks.Git' 10.0.102 has a known moderate severity vulnerability, https://github.com/advisories/GHSA-23fw-v26w-5fgq
  CSweet.Isolation.Security -> C:\Users\PC\Documents\GitHub\CSweet.Isolation\src\CSweet.Isolation.Security\bin\ApprovalRedesign\net10.0\CSweet.Isolation.Security.dll
  CSweet.Office.Contracts -> C:\Users\PC\Documents\GitHub\CSweet.Office.Contracts\src\CSweet.Office.Contracts\bin\ApprovalRedesign\net10.0\CSweet.Office.Contracts.dll
  CSweet.Application -> C:\Users\PC\Documents\GitHub\csweet\src\CSweet.Application\bin\ApprovalRedesign\net10.0\CSweet.Application.dll
  CSweet.AgentBroker -> C:\Users\PC\Documents\GitHub\csweet\src\CSweet.AgentBroker\bin\ApprovalRedesign\net10.0\CSweet.AgentBroker.dll
  CSweet.ExecutionArtifacts -> C:\Users\PC\Documents\GitHub\csweet\src\CSweet.ExecutionArtifacts\bin\ApprovalRedesign\net10.0\CSweet.ExecutionArtifacts.dll
  CSweet.TrustedServices -> C:\Users\PC\Documents\GitHub\csweet\src\CSweet.TrustedServices\bin\ApprovalRedesign\net10.0\CSweet.TrustedServices.dll
  CSweet.Memory.Abstractions -> C:\Users\PC\Documents\GitHub\CSweet.Memory\src\CSweet.Memory.Abstractions\bin\ApprovalRedesign\net8.0\CSweet.Memory.Abstractions.dll
  CSweet.Memory -> C:\Users\PC\Documents\GitHub\CSweet.Memory\src\CSweet.Memory\bin\ApprovalRedesign\net8.0\CSweet.Memory.dll
  CSweet.Memory.PostgreSql -> C:\Users\PC\Documents\GitHub\CSweet.Memory\src\CSweet.Memory.PostgreSql\bin\ApprovalRedesign\net8.0\CSweet.Memory.PostgreSql.dll
  CSweet.Memory.Sqlite -> C:\Users\PC\Documents\GitHub\CSweet.Memory\src\CSweet.Memory.Sqlite\bin\ApprovalRedesign\net8.0\CSweet.Memory.Sqlite.dll
  CSweet.AI -> C:\Users\PC\Documents\GitHub\csweet\src\CSweet.AI\bin\ApprovalRedesign\net10.0\CSweet.AI.dll
  CSweet.Infrastructure -> C:\Users\PC\Documents\GitHub\csweet\src\CSweet.Infrastructure\bin\ApprovalRedesign\net10.0\CSweet.Infrastructure.dll
  CSweet.ServiceDefaults -> C:\Users\PC\Documents\GitHub\csweet\src\CSweet.ServiceDefaults\bin\ApprovalRedesign\net10.0\CSweet.ServiceDefaults.dll
  CSweet.Api -> C:\Users\PC\Documents\GitHub\csweet\src\CSweet.Api\bin\ApprovalRedesign\net10.0\CSweet.Api.dll

Build succeeded.

C:\Users\PC\Documents\GitHub\CSweet.Office.Contracts\src\CSweet.Office.Contracts\CSweet.Office.Contracts.csproj : warning NU1902: Package 'Microsoft.Build.Tasks.Git' 10.0.102 has a known moderate severity vulnerability, https://github.com/advisories/GHSA-23fw-v26w-5fgq
    1 Warning(s)
    0 Error(s)

Time Elapsed 00:01:03.91
